---
source: crates/cli/tests/snapshots.rs
expression: t1.snapshot_screen()
---
Python <version>
Type 'copyright', 'credits' or 'license' for more information
IPython <version>
[jet] > raise ValueError("oh no")
[jet] ---------------------------------------------------------------------------
[jet] ValueError                                Traceback (most recent call last)
[jet] Cell In[1], line 1
[jet] ----> 1 raise ValueError("oh no")
[jet]
[jet] ValueError: oh no
>
